2026-05-22 04:32:31,561 - INFO - Проверка конфликта API: веб-репортер не использует API, конфликта нет.
2026-05-22 04:32:31,563 - CRITICAL - Критическая ошибка: too many values to unpack (expected 2)
2026-05-22 04:39:01,521 - INFO - Проверка конфликта API: веб-репортер не использует API, конфликта нет.
2026-05-22 04:40:56,811 - INFO - Атака прервана пользователем
2026-05-22 06:01:54,844 - INFO - Проверка конфликта API: веб-репортер не использует API, конфликта нет.
2026-05-22 06:02:04,499 - INFO - Атака прервана пользователем
2026-05-22 06:09:33,755 - INFO - Проверка конфликта API: веб-репортер не использует API, конфликта нет.
2026-05-22 06:09:37,988 - INFO - Атака прервана пользователем
2026-05-22 06:12:15,590 - INFO - Проверка конфликта API: веб-репортер не использует API, конфликта нет.
2026-05-22 06:12:17,888 - INFO - Атака прервана пользователем
2026-05-22 06:14:28,795 - INFO - Проверка конфликта API: веб-репортер не использует API, конфликта нет.
2026-05-22 06:26:13,249 - INFO - Запуск веб-жб на цель 7220775981, количество 150
2026-05-22 06:40:06,335 - ERROR - Ошибка веб-жб: Message: session not created: cannot connect to chrome at 127.0.0.1:40801
from session not created: This version of ChromeDriver only supports Chrome version 149
Current browser version is 144.0.7559.109
Stacktrace:
#0 0x55e0ab55314a <unknown>
#1 0x55e0aaf35ff9 <unknown>
#2 0x55e0aaf7adcf <unknown>
#3 0x55e0aaf79b90 <unknown>
#4 0x55e0aaf6eae1 <unknown>
#5 0x55e0aafbec36 <unknown>
#6 0x55e0aafbe31c <unknown>
#7 0x55e0aaf7dcb2 <unknown>
#8 0x55e0aaf7eac1 <unknown>
#9 0x55e0ab519bd7 <unknown>
#10 0x55e0ab5183d9 <unknown>
#11 0x55e0ab5030e6 <unknown>
#12 0x55e0ab518f7a <unknown>
#13 0x55e0ab4eb080 <unknown>
#14 0x55e0ab53fdf8 <unknown>
#15 0x55e0ab53ff95 <unknown>
#16 0x55e0ab551cce <unknown>
#17 0x7f966d8937db <unknown>

2026-05-22 06:41:12,853 - INFO - Атака прервана пользователем
2026-05-22 07:04:36,342 - INFO - Проверка конфликта API: веб-репортер не использует API, конфликта нет.
